<!DOCTYPE html>
<html>
<head>
    <title>BLOCK head_title</title>
</head>
<body>


        <div id="header">
            <h1>BLOCK h1_content</h1>
        </div>


</body>
</html>